2024-08-28T19:22:29,181 [INFO]  [Version]:[21]- HV000001: Hibernate Validator 6.2.5.Final
2024-08-28T19:22:29,504 [INFO]  [NacionalServiceApplication]:[55]- Starting NacionalServiceApplication using Java 17.0.7 on N2NTBILRQUIROZ with PID 2944 (C:\workspace\nuevatel_2024\nacional-service\target\classes started by rquiroz in C:\workspace\nuevatel_2024\nacional-service)
2024-08-28T19:22:29,525 [INFO]  [NacionalServiceApplication]:[631]- No active profile set, falling back to 1 default profile: "default"
2024-08-28T19:22:35,833 [INFO]  [TomcatWebServer]:[108]- Tomcat initialized with port(s): 3003 (http)
2024-08-28T19:22:35,881 [INFO]  [Http11NioProtocol]:[173]- Initializing ProtocolHandler ["http-nio-3003"]
2024-08-28T19:22:35,884 [INFO]  [StandardService]:[173]- Starting service [Tomcat]
2024-08-28T19:22:35,890 [INFO]  [StandardEngine]:[173]- Starting Servlet engine: [Apache Tomcat/9.0.71]
2024-08-28T19:22:36,681 [INFO]  [[/]]:[173]- Initializing Spring embedded WebApplicationContext
2024-08-28T19:22:36,691 [INFO]  [ServletWebServerApplicationContext]:[292]- Root WebApplicationContext: initialization completed in 6988 ms
2024-08-28T19:22:38,199 [INFO]  [HikariDataSource]:[110]- HikariPool-1 - Starting...
2024-08-28T19:22:40,848 [INFO]  [HikariPool]:[565]- HikariPool-1 - Added connection com.mysql.cj.jdbc.ConnectionImpl@4ffe3d42
2024-08-28T19:22:40,880 [INFO]  [HikariDataSource]:[123]- HikariPool-1 - Start completed.
2024-08-28T19:22:41,613 [INFO]  [ManageSurveyInMemory]:[54]- Load Survey were done : 
{PROV_SERV_MEDICO=412455347, INMEDICAL_ATU_MEDIDA=517447449, SEGUROS_MASIVO=518406277, CALLCENTER_NSPF=1123456789, TALLERES_E2E=412449075, ACCIDENTES_PERSONALES=1123456789, CENTRO_REHA_ODONTOLOGICA=517447099, CONSULTAS_RECLAMOS=412479011, PROVEEDOR_MEDICO=517417762, NSVS_800=517447155, ASISTENCIA_VIAL=1123456789, ATENCION_INICIAL=517414488, PROVEEDOR_FARMACIA=517423341}
2024-08-28T19:22:41,618 [INFO]  [ManageSurveyInMemory]:[55]- Load Collectors were done : 
{PROV_SERV_MEDICO=431052375, INMEDICAL_ATU_MEDIDA=456114450, SEGUROS_MASIVO=456745385, CALLCENTER_NSPF=1123456789, TALLERES_E2E=431052443, ACCIDENTES_PERSONALES=1123456789, CENTRO_REHA_ODONTOLOGICA=456113888, CONSULTAS_RECLAMOS=431052410, PROVEEDOR_MEDICO=456114317, NSVS_800=1123456789, ASISTENCIA_VIAL=1123456789, ATENCION_INICIAL=456114096, PROVEEDOR_FARMACIA=456114274}
2024-08-28T19:22:41,618 [INFO]  [ManageSurveyInMemory]:[56]- Load Messages were done : 
{PROV_SERV_MEDICO=116541950, INMEDICAL_ATU_MEDIDA=116542033, SEGUROS_MASIVO=117661138, CALLCENTER_NSPF=1123456789, TALLERES_E2E=116541997, ACCIDENTES_PERSONALES=1123456789, CENTRO_REHA_ODONTOLOGICA=116541285, CONSULTAS_RECLAMOS=116541967, PROVEEDOR_MEDICO=116541910, NSVS_800=1123456789, ASISTENCIA_VIAL=1123456789, ATENCION_INICIAL=116621928, PROVEEDOR_FARMACIA=116541868}
2024-08-28T19:22:41,626 [INFO]  [ManageSurveyInMemory]:[57]- Load Conctact List were done : 
{NACIONAL_CONTACTS=257004175}
2024-08-28T19:22:41,804 [INFO]  [ManageJiraInMemory]:[29]- {CALLCENTER_NSPF=ConfigJira(configJiraId=5, serviceDeskId=2, requestTypeId=26, issueTypeId=10007, code=CALLCENTER_NSPF, status=A, recordDate=2024-04-29 20:36:06.0), PROV_SERV_MEDICO=ConfigJira(configJiraId=11, serviceDeskId=2, requestTypeId=20, issueTypeId=10007, code=PROV_SERV_MEDICO, status=A, recordDate=2024-04-29 20:36:06.0), ASISTENCIA_MED_DOMI_AMBU=ConfigJira(configJiraId=15, serviceDeskId=2, requestTypeId=30, issueTypeId=10007, code=ASISTENCIA_MED_DOMI_AMBU, status=A, recordDate=2024-04-29 20:36:06.0), ACCIDENTES_PERSONALES=ConfigJira(configJiraId=2, serviceDeskId=2, requestTypeId=32, issueTypeId=10007, code=ACCIDENTES_PERSONALES, status=A, recordDate=2024-04-29 20:36:06.0), NSVS_800=ConfigJira(configJiraId=1, serviceDeskId=2, requestTypeId=33, issueTypeId=10007, code=NSVS_800, status=A, recordDate=2024-04-29 20:36:06.0), PROVEEDOR_MEDICO=ConfigJira(configJiraId=12, serviceDeskId=2, requestTypeId=43, issueTypeId=10007, code=PROVEEDOR_MEDICO, status=A, recordDate=2024-04-29 20:36:06.0), SEGUROS_MASIVO=ConfigJira(configJiraId=19, serviceDeskId=2, requestTypeId=44, issueTypeId=10007, code=SEGUROS_MASIVO, status=A, recordDate=2024-06-11 20:36:06.0), VAGONETA_SEGURA=ConfigJira(configJiraId=18, serviceDeskId=2, requestTypeId=18, issueTypeId=10007, code=VAGONETA_SEGURA, status=A, recordDate=2024-04-29 20:36:06.0), ATEN_ASIS_PROD_VIDA_PLUS=ConfigJira(configJiraId=17, serviceDeskId=2, requestTypeId=28, issueTypeId=10007, code=ATEN_ASIS_PROD_VIDA_PLUS, status=A, recordDate=2024-04-29 20:36:06.0), INMEDICAL_ATU_MEDIDA=ConfigJira(configJiraId=7, serviceDeskId=2, requestTypeId=34, issueTypeId=10007, code=INMEDICAL_ATU_MEDIDA, status=A, recordDate=2024-04-29 20:36:06.0), TALLERES_E2E=ConfigJira(configJiraId=9, serviceDeskId=2, requestTypeId=19, issueTypeId=10007, code=TALLERES_E2E, status=A, recordDate=2024-04-29 20:36:06.0), ASISTENCIA_VIAL=ConfigJira(configJiraId=3, serviceDeskId=2, requestTypeId=29, issueTypeId=10007, code=ASISTENCIA_VIAL, status=A, recordDate=2024-04-29 20:36:06.0), ASISTENCIA_MED_DOMI=ConfigJira(configJiraId=14, serviceDeskId=2, requestTypeId=31, issueTypeId=10007, code=ASISTENCIA_MED_DOMI, status=A, recordDate=2024-04-29 20:36:06.0), CENTRO_REHA_ODONTOLOGICA=ConfigJira(configJiraId=10, serviceDeskId=2, requestTypeId=25, issueTypeId=10007, code=CENTRO_REHA_ODONTOLOGICA, status=A, recordDate=2024-04-29 20:36:06.0), PROVEEDOR_FARMACIA=ConfigJira(configJiraId=13, serviceDeskId=2, requestTypeId=21, issueTypeId=10007, code=PROVEEDOR_FARMACIA, status=A, recordDate=2024-04-29 20:36:06.0), CONSULTAS_RECLAMOS=ConfigJira(configJiraId=6, serviceDeskId=2, requestTypeId=24, issueTypeId=10007, code=CONSULTAS_RECLAMOS, status=A, recordDate=2024-04-29 20:36:06.0), INMEDICAL_BANCO_GANADERO=ConfigJira(configJiraId=8, serviceDeskId=2, requestTypeId=23, issueTypeId=10007, code=INMEDICAL_BANCO_GANADERO, status=A, recordDate=2024-04-29 20:36:06.0), ORIENTA_MED_TELEFONO=ConfigJira(configJiraId=16, serviceDeskId=2, requestTypeId=22, issueTypeId=10007, code=ORIENTA_MED_TELEFONO, status=A, recordDate=2024-04-29 20:36:06.0), ATENCION_INICIAL=ConfigJira(configJiraId=4, serviceDeskId=2, requestTypeId=27, issueTypeId=10007, code=ATENCION_INICIAL, status=A, recordDate=2024-04-29 20:36:06.0)}
2024-08-28T19:22:41,980 [INFO]  [CsvProcessor]:[72]- =======================
2024-08-28T19:22:41,982 [INFO]  [CsvProcessor]:[76]- PRODUCTION MODE RUNNING
2024-08-28T19:22:41,984 [INFO]  [CsvProcessor]:[78]- =======================
2024-08-28T19:22:42,961 [INFO]  [CsvFileMoverService]:[81]- +++++++++++LOOK FOR NEW CSV FILES+++++++++++++
2024-08-28T19:22:42,992 [INFO]  [ReminderScheduler]:[28]- +++++++++++REMINDER CRON +++++++++++++
2024-08-28T19:22:44,673 [INFO]  [EndpointLinksResolver]:[58]- Exposing 3 endpoint(s) beneath base path '/actuator'
2024-08-28T19:22:44,809 [INFO]  [Http11NioProtocol]:[173]- Starting ProtocolHandler ["http-nio-3003"]
2024-08-28T19:22:44,908 [INFO]  [TomcatWebServer]:[220]- Tomcat started on port(s): 3003 (http) with context path ''
2024-08-28T19:22:46,087 [INFO]  [AbstractCamelContext]:[3066]- Apache Camel 4.0.0-M1 (camel-1) is starting
2024-08-28T19:22:46,254 [INFO]  [AbstractCamelContext]:[3228]- Routes startup (started:1)
2024-08-28T19:22:46,254 [INFO]  [AbstractCamelContext]:[3233]-     Started route1 (file://in)
2024-08-28T19:22:46,258 [INFO]  [AbstractCamelContext]:[3257]- Apache Camel 4.0.0-M1 (camel-1) started in 1s270ms (build:196ms init:912ms start:162ms)
2024-08-28T19:22:46,275 [INFO]  [NacionalServiceApplication]:[61]- Started NacionalServiceApplication in 17.982 seconds (JVM running for 21.769)
2024-08-28T19:26:09,202 [INFO]  [SpringBootTestContextBootstrapper]:[305]- Neither @ContextConfiguration nor @ContextHierarchy found for test class [com.keysolutions.nacionalservice.LoaderServiceApplicationTests], using SpringBootContextLoader
2024-08-28T19:26:09,234 [INFO]  [AbstractContextLoader]:[264]- Could not detect default resource locations for test class [com.keysolutions.nacionalservice.LoaderServiceApplicationTests]: no resource found for suffixes {-context.xml, Context.groovy}.
2024-08-28T19:26:09,238 [INFO]  [AnnotationConfigContextLoaderUtils]:[83]- Could not detect default configuration classes for test class [com.keysolutions.nacionalservice.LoaderServiceApplicationTests]: LoaderServiceApplicationTests does not declare any static, non-private, non-final, nested classes annotated with @Configuration.
2024-08-28T19:26:09,498 [INFO]  [SpringBootTestContextBootstrapper]:[238]- Found @SpringBootConfiguration com.keysolutions.nacionalservice.NacionalServiceApplication for test class com.keysolutions.nacionalservice.LoaderServiceApplicationTests
2024-08-28T19:26:09,704 [INFO]  [SpringBootTestContextBootstrapper]:[245]- Loaded default TestExecutionListener class names from location [META-INF/spring.factories]: [org.springframework.boot.test.mock.mockito.MockitoTestExecutionListener, org.springframework.boot.test.mock.mockito.ResetMocksTestExecutionListener, org.springframework.boot.test.autoconfigure.restdocs.RestDocsTestExecutionListener, org.springframework.boot.test.autoconfigure.web.client.MockRestServiceServerResetTestExecutionListener, org.springframework.boot.test.autoconfigure.web.servlet.MockMvcPrintOnlyOnFailureTestExecutionListener, org.springframework.boot.test.autoconfigure.web.servlet.WebDriverTestExecutionListener, org.springframework.boot.test.autoconfigure.webservices.client.MockWebServiceServerTestExecutionListener, org.springframework.test.context.web.ServletTestExecutionListener, org.springframework.test.context.support.DirtiesContextBeforeModesTestExecutionListener, org.springframework.test.context.event.ApplicationEventsTestExecutionListener, org.springframework.test.context.support.DependencyInjectionTestExecutionListener, org.springframework.test.context.support.DirtiesContextTestExecutionListener, org.springframework.test.context.transaction.TransactionalTestExecutionListener, org.springframework.test.context.jdbc.SqlScriptsTestExecutionListener, org.springframework.test.context.event.EventPublishingTestExecutionListener]
2024-08-28T19:26:09,754 [INFO]  [SpringBootTestContextBootstrapper]:[174]- Using TestExecutionListeners: [org.springframework.test.context.web.ServletTestExecutionListener@6548bb7d, org.springframework.test.context.support.DirtiesContextBeforeModesTestExecutionListener@e27ba81, org.springframework.test.context.event.ApplicationEventsTestExecutionListener@54336c81, org.springframework.boot.test.mock.mockito.MockitoTestExecutionListener@1556f2dd, org.springframework.boot.test.autoconfigure.SpringBootDependencyInjectionTestExecutionListener@35e52059, org.springframework.test.context.support.DirtiesContextTestExecutionListener@62577d6, org.springframework.test.context.transaction.TransactionalTestExecutionListener@49bd54f7, org.springframework.test.context.jdbc.SqlScriptsTestExecutionListener@6b5f8707, org.springframework.test.context.event.EventPublishingTestExecutionListener@772485dd, org.springframework.boot.test.mock.mockito.ResetMocksTestExecutionListener@5a12c728, org.springframework.boot.test.autoconfigure.restdocs.RestDocsTestExecutionListener@79ab3a71, org.springframework.boot.test.autoconfigure.web.client.MockRestServiceServerResetTestExecutionListener@6e5bfdfc, org.springframework.boot.test.autoconfigure.web.servlet.MockMvcPrintOnlyOnFailureTestExecutionListener@3d829787, org.springframework.boot.test.autoconfigure.web.servlet.WebDriverTestExecutionListener@71652c98, org.springframework.boot.test.autoconfigure.webservices.client.MockWebServiceServerTestExecutionListener@51bde877]
2024-08-28T19:26:10,458 [INFO]  [Version]:[21]- HV000001: Hibernate Validator 6.2.5.Final
2024-08-28T19:26:10,506 [INFO]  [LoaderServiceApplicationTests]:[55]- Starting LoaderServiceApplicationTests using Java 17.0.7 on N2NTBILRQUIROZ with PID 4320 (started by rquiroz in c:\workspace\nuevatel_2024\nacional-service)
2024-08-28T19:26:10,515 [INFO]  [LoaderServiceApplicationTests]:[631]- No active profile set, falling back to 1 default profile: "default"
2024-08-28T19:26:18,043 [INFO]  [HikariDataSource]:[110]- HikariPool-1 - Starting...
2024-08-28T19:26:20,591 [INFO]  [HikariPool]:[565]- HikariPool-1 - Added connection com.mysql.cj.jdbc.ConnectionImpl@75a226ea
2024-08-28T19:26:20,604 [INFO]  [HikariDataSource]:[123]- HikariPool-1 - Start completed.
2024-08-28T19:26:21,279 [INFO]  [ManageSurveyInMemory]:[54]- Load Survey were done : 
{PROV_SERV_MEDICO=412455347, INMEDICAL_ATU_MEDIDA=517447449, SEGUROS_MASIVO=518406277, CALLCENTER_NSPF=1123456789, TALLERES_E2E=412449075, ACCIDENTES_PERSONALES=1123456789, CENTRO_REHA_ODONTOLOGICA=517447099, CONSULTAS_RECLAMOS=412479011, PROVEEDOR_MEDICO=517417762, NSVS_800=517447155, ASISTENCIA_VIAL=1123456789, ATENCION_INICIAL=517414488, PROVEEDOR_FARMACIA=517423341}
2024-08-28T19:26:21,280 [INFO]  [ManageSurveyInMemory]:[55]- Load Collectors were done : 
{PROV_SERV_MEDICO=431052375, INMEDICAL_ATU_MEDIDA=456114450, SEGUROS_MASIVO=456745385, CALLCENTER_NSPF=1123456789, TALLERES_E2E=431052443, ACCIDENTES_PERSONALES=1123456789, CENTRO_REHA_ODONTOLOGICA=456113888, CONSULTAS_RECLAMOS=431052410, PROVEEDOR_MEDICO=456114317, NSVS_800=1123456789, ASISTENCIA_VIAL=1123456789, ATENCION_INICIAL=456114096, PROVEEDOR_FARMACIA=456114274}
2024-08-28T19:26:21,281 [INFO]  [ManageSurveyInMemory]:[56]- Load Messages were done : 
{PROV_SERV_MEDICO=116541950, INMEDICAL_ATU_MEDIDA=116542033, SEGUROS_MASIVO=117661138, CALLCENTER_NSPF=1123456789, TALLERES_E2E=116541997, ACCIDENTES_PERSONALES=1123456789, CENTRO_REHA_ODONTOLOGICA=116541285, CONSULTAS_RECLAMOS=116541967, PROVEEDOR_MEDICO=116541910, NSVS_800=1123456789, ASISTENCIA_VIAL=1123456789, ATENCION_INICIAL=116621928, PROVEEDOR_FARMACIA=116541868}
2024-08-28T19:26:21,282 [INFO]  [ManageSurveyInMemory]:[57]- Load Conctact List were done : 
{NACIONAL_CONTACTS=257004175}
2024-08-28T19:26:21,440 [INFO]  [ManageJiraInMemory]:[29]- {CALLCENTER_NSPF=ConfigJira(configJiraId=5, serviceDeskId=2, requestTypeId=26, issueTypeId=10007, code=CALLCENTER_NSPF, status=A, recordDate=2024-04-29 20:36:06.0), PROV_SERV_MEDICO=ConfigJira(configJiraId=11, serviceDeskId=2, requestTypeId=20, issueTypeId=10007, code=PROV_SERV_MEDICO, status=A, recordDate=2024-04-29 20:36:06.0), ASISTENCIA_MED_DOMI_AMBU=ConfigJira(configJiraId=15, serviceDeskId=2, requestTypeId=30, issueTypeId=10007, code=ASISTENCIA_MED_DOMI_AMBU, status=A, recordDate=2024-04-29 20:36:06.0), ACCIDENTES_PERSONALES=ConfigJira(configJiraId=2, serviceDeskId=2, requestTypeId=32, issueTypeId=10007, code=ACCIDENTES_PERSONALES, status=A, recordDate=2024-04-29 20:36:06.0), NSVS_800=ConfigJira(configJiraId=1, serviceDeskId=2, requestTypeId=33, issueTypeId=10007, code=NSVS_800, status=A, recordDate=2024-04-29 20:36:06.0), PROVEEDOR_MEDICO=ConfigJira(configJiraId=12, serviceDeskId=2, requestTypeId=43, issueTypeId=10007, code=PROVEEDOR_MEDICO, status=A, recordDate=2024-04-29 20:36:06.0), SEGUROS_MASIVO=ConfigJira(configJiraId=19, serviceDeskId=2, requestTypeId=44, issueTypeId=10007, code=SEGUROS_MASIVO, status=A, recordDate=2024-06-11 20:36:06.0), VAGONETA_SEGURA=ConfigJira(configJiraId=18, serviceDeskId=2, requestTypeId=18, issueTypeId=10007, code=VAGONETA_SEGURA, status=A, recordDate=2024-04-29 20:36:06.0), ATEN_ASIS_PROD_VIDA_PLUS=ConfigJira(configJiraId=17, serviceDeskId=2, requestTypeId=28, issueTypeId=10007, code=ATEN_ASIS_PROD_VIDA_PLUS, status=A, recordDate=2024-04-29 20:36:06.0), INMEDICAL_ATU_MEDIDA=ConfigJira(configJiraId=7, serviceDeskId=2, requestTypeId=34, issueTypeId=10007, code=INMEDICAL_ATU_MEDIDA, status=A, recordDate=2024-04-29 20:36:06.0), TALLERES_E2E=ConfigJira(configJiraId=9, serviceDeskId=2, requestTypeId=19, issueTypeId=10007, code=TALLERES_E2E, status=A, recordDate=2024-04-29 20:36:06.0), ASISTENCIA_VIAL=ConfigJira(configJiraId=3, serviceDeskId=2, requestTypeId=29, issueTypeId=10007, code=ASISTENCIA_VIAL, status=A, recordDate=2024-04-29 20:36:06.0), ASISTENCIA_MED_DOMI=ConfigJira(configJiraId=14, serviceDeskId=2, requestTypeId=31, issueTypeId=10007, code=ASISTENCIA_MED_DOMI, status=A, recordDate=2024-04-29 20:36:06.0), CENTRO_REHA_ODONTOLOGICA=ConfigJira(configJiraId=10, serviceDeskId=2, requestTypeId=25, issueTypeId=10007, code=CENTRO_REHA_ODONTOLOGICA, status=A, recordDate=2024-04-29 20:36:06.0), PROVEEDOR_FARMACIA=ConfigJira(configJiraId=13, serviceDeskId=2, requestTypeId=21, issueTypeId=10007, code=PROVEEDOR_FARMACIA, status=A, recordDate=2024-04-29 20:36:06.0), CONSULTAS_RECLAMOS=ConfigJira(configJiraId=6, serviceDeskId=2, requestTypeId=24, issueTypeId=10007, code=CONSULTAS_RECLAMOS, status=A, recordDate=2024-04-29 20:36:06.0), INMEDICAL_BANCO_GANADERO=ConfigJira(configJiraId=8, serviceDeskId=2, requestTypeId=23, issueTypeId=10007, code=INMEDICAL_BANCO_GANADERO, status=A, recordDate=2024-04-29 20:36:06.0), ORIENTA_MED_TELEFONO=ConfigJira(configJiraId=16, serviceDeskId=2, requestTypeId=22, issueTypeId=10007, code=ORIENTA_MED_TELEFONO, status=A, recordDate=2024-04-29 20:36:06.0), ATENCION_INICIAL=ConfigJira(configJiraId=4, serviceDeskId=2, requestTypeId=27, issueTypeId=10007, code=ATENCION_INICIAL, status=A, recordDate=2024-04-29 20:36:06.0)}
2024-08-28T19:26:21,663 [INFO]  [CsvProcessor]:[72]- =======================
2024-08-28T19:26:21,665 [INFO]  [CsvProcessor]:[76]- PRODUCTION MODE RUNNING
2024-08-28T19:26:21,665 [INFO]  [CsvProcessor]:[78]- =======================
2024-08-28T19:26:22,992 [INFO]  [CsvFileMoverService]:[81]- +++++++++++LOOK FOR NEW CSV FILES+++++++++++++
2024-08-28T19:26:23,041 [INFO]  [ReminderScheduler]:[28]- +++++++++++REMINDER CRON +++++++++++++
2024-08-28T19:26:26,532 [INFO]  [EndpointLinksResolver]:[58]- Exposing 3 endpoint(s) beneath base path '/actuator'
2024-08-28T19:26:28,240 [INFO]  [AbstractCamelContext]:[3066]- Apache Camel 4.0.0-M1 (camel-1) is starting
2024-08-28T19:26:28,278 [INFO]  [AbstractCamelContext]:[3228]- Routes startup (started:1)
2024-08-28T19:26:28,278 [INFO]  [AbstractCamelContext]:[3233]-     Started route1 (file://in)
2024-08-28T19:26:28,280 [INFO]  [AbstractCamelContext]:[3257]- Apache Camel 4.0.0-M1 (camel-1) started in 1s474ms (build:270ms init:1s165ms start:39ms)
2024-08-28T19:26:28,295 [INFO]  [LoaderServiceApplicationTests]:[61]- Started LoaderServiceApplicationTests in 18.442 seconds (JVM running for 22.71)
2024-08-28T19:26:29,751 [INFO]  [AbstractCamelContext]:[3461]- Apache Camel 4.0.0-M1 (camel-1) is shutting down (timeout:45s)
2024-08-28T19:26:29,765 [INFO]  [AbstractCamelContext]:[166]- Routes stopped (stopped:1)
2024-08-28T19:26:29,781 [INFO]  [AbstractCamelContext]:[166]-     Stopped route1 (file://in)
2024-08-28T19:26:29,790 [INFO]  [AbstractCamelContext]:[3600]- Apache Camel 4.0.0-M1 (camel-1) shutdown in 40ms (uptime:1s)
2024-08-28T19:26:29,876 [INFO]  [HikariDataSource]:[350]- HikariPool-1 - Shutdown initiated...
2024-08-28T19:26:31,137 [INFO]  [HikariDataSource]:[352]- HikariPool-1 - Shutdown completed.
